// Jest Snapshot v1, https://goo.gl/fbAQLP

exports[`Shapes Circle Renders 1`] = `
.c0 {
  border-radius: 100%;
  height: 16px;
  width: 16px;
  margin: 8px;
  background-color: #403f4c;
}

<div>
  <div
    class="c0"
  />
</div>
`;
