// Jest Snapshot v1, https://goo.gl/fbAQLP

exports[`Markdown Renders All Markdown Components 1`] = `
.c1 {
  display: -webkit-box;
  display: -webkit-flex;
  display: -ms-flexbox;
  display: flex;
}

.c0 {
  -webkit-flex-direction: column;
  -ms-flex-direction: column;
  flex-direction: column;
  border-radius: 0px;
}

.c6 {
  margin: 16px 0;
  background-color: var(--black);
  color: var(--white);
  border-radius: 3px;
  padding: 16px;
}

.c5 {
  color: var(--secondary);
}

.c4 {
  margin: 16px 0px;
  color: var(--black);
}

.c3 {
  margin-bottom: 16px;
  margin-top: 8px;
}

.c2 {
  margin-bottom: 16px;
  margin-top: 8px;
}

<div>
  <div
    class="c0 c1"
  >
    <h1>
      Heading 1
    </h1>
    <h2>
      Heading 1
    </h2>
    <h3>
      Heading 1
    </h3>
    <h1>
      <div>
        <a
          name="heading-with-anchor"
        />
      </div>
      <div />
      Heading With Anchor
    </h1>
    <p>
        paragraph
  
      <strong>
        Strong
      </strong>
      
  
      <em>
        em
      </em>
    </p>
    <ul
      class="c2"
    >
      <li>
        Unordered list 1
      </li>
      <li>
        Unordered list 2
      </li>
    </ul>
    <ol
      class="c3"
    >
      <li>
        Ordered list 1
      </li>
      <li>
        <p>
          Ordered list 2
        </p>
        <p>
          <a
            href="linktosomething.com"
          >
            Link to somethign
          </a>
        </p>
        <hr
          class="c4"
        />
        <p>
          <code
            class="c5"
          >
            inline code
          </code>
        </p>
        <pre
          class="c6"
        >
            const blockCodeFunc = () =&gt; {
    return 'works!';
  }
        </pre>
      </li>
    </ol>
  </div>
</div>
`;

exports[`Markdown Renders Markdown with Interactive React Components 1`] = `
.c1 {
  display: -webkit-box;
  display: -webkit-flex;
  display: -ms-flexbox;
  display: flex;
}

.c0 {
  -webkit-flex-direction: column;
  -ms-flex-direction: column;
  flex-direction: column;
  border-radius: 0px;
}

.c2 {
  height: 16px;
}

<div>
  <div
    class="c0 c1"
  >
    <div
      class="c0 c1"
    >
      <p>
        Markdown Text
      </p>
    </div>
    <div
      class="c2"
      height="16px"
    />
    <button
      data-testid="button"
    >
      Click Me
    </button>
  </div>
</div>
`;
