// Jest Snapshot v1, https://goo.gl/fbAQLP

exports[`Navigation Link Renders 1`] = `
<div>
  <a
    href="http://www.link-url.com"
  >
    Navigation Link
  </a>
</div>
`;
